<!DOCTYPE html>
<!--[if lt IE 7]><html lang="ru" class="lt-ie9 lt-ie8 lt-ie7"><![endif]-->
<!--[if IE 7]><html lang="ru" class="lt-ie9 lt-ie8"><![endif]-->
<!--[if IE 8]><html lang="ru" class="lt-ie9"><![endif]-->
<!--[if gt IE 8]><!-->
<html lang="ru">
<!--<![endif]-->
<head>
	<meta charset="utf-8" />

	<title>Golden</title>
	<meta content="" name="description" />
	<meta content="" property="og:image" />
	<meta content="" property="og:description" />
	<meta content="" property="og:site_name" />
	<meta content="website" property="og:type" />

	<meta content="telephone=no" name="format-detection" />
	<meta http-equiv="x-rim-auto-match" content="none">

	<meta http-equiv="X-UA-Compatible" content="IE=edge" />
	<meta name="viewport" content="width=device-width, initial-scale=1.0" />

	<link rel="shortcut icon" href="favicon.png" />

	<!--<link rel="stylesheet" href="libs/bootstrap/bootstrap-grid-3.3.1.min.css" />-->
	<link rel="stylesheet" href="libs/font-awesome-4.2.0/css/font-awesome.min.css" />
	<link rel="stylesheet" href="libs/fancybox/jquery.fancybox.css" />
	<link rel="stylesheet" href="libs/owl-carousel/owl.carousel.css" />
	<link rel="stylesheet" href="libs/countdown/jquery.countdown.css" />
	<link rel="stylesheet" href="css/fonts.css" />
	<link rel="stylesheet" href="css/main.css" />
	<link rel="stylesheet" href="css/media.css" />
</head>
<body>
	<div class="wrapper">
	    <div class="header">
	        <div class="container clearfix">
	            <div class="logo">
	                <a href="#"><img src="img/logo.png" alt=""></a>
	            </div>
	            <ul class="nav">
	                <li><a href="#">Home</a></li>
	                <li><a href="#">Services</a></li>
	                <li><a href="#">Portfolio</a></li>
	                <li><a href="#">About</a></li>
	                <li><a href="#">Contact</a></li>
	            </ul>
	        </div>
	    </div>
	    <div class="home">
	        <div class="container">
	            <h3>Welcome to Our Store!</h3>
	            <h1>It's nice to meet you</h1>
	            <button class="btn">Tell me more</button>
	        </div>
	    </div>
	
        <div class="service box">
            <div class="container">
                <h2 class="title">Services</h2>
                <p class="descr">Proin iaculis purus consequat sem cure.</p>
               <div class="services-wrap clearfix">
                   <div class="services-item commerce">
                       <h5 class="title">E-Commerce</h5>
                       <p>Proin iaculis purus consequat sem cure digni ssim. Donec porttitora entum suscipit </p>
                   </div>
                   <div class="services-item responsive">
                       <h5 class="title">Responsive Web</h5>
                       <p>Proin iaculis purus consequat sem cure  digni ssim. Donec porttitora entum suscipit </p>
                   </div>
                   <div class="services-item security">
                       <h5 class="title">Web Security</h5>
                       <p>Proin iaculis purus consequat sem cure digni ssim. Donec porttitora entum suscipit </p>
                   </div>
               </div>
            </div>
</div>
        <div class="portfolio box">
                <div class="container">
                    <h2 class="title">Our portfolio</h2>
                    <p class="descr">Proin iaculis purus consequat sem cure.</p>
                   <div class="portfolio-wrap clearfix">
                       <div class="portfolio-item">
                           <a href="#"><img src="img/p-01.jpg" alt=""></a>
                           <div class="p-footer">
                               <h5 class="title">Ebony & Ivory</h5>
                               <span>Branding</span>
                           </div>
                       </div>
                       <div class="portfolio-item">
                           <a href="#"><img src="img/p-02.jpg" alt=""></a>
                           <div class="p-footer">
                               <h5 class="title">Smart Stationary</h5>
                               <span>Print Design</span>
                           </div>
                       </div>
                       <div class="portfolio-item">
                           <a href="#"><img src="img/p-03.jpg" alt=""></a>
                           <div class="p-footer">
                               <h5 class="title">Clever Poster</h5>
                               <span>Print Design</span>
                           </div>
                       </div>
                       <div class="portfolio-item">
                           <a href="#"><img src="img/p-04.jpg" alt=""></a>
                           <div class="p-footer">
                               <h5 class="title">Vinyl Record</h5>
                               <span>Product Mock-Up</span>
                           </div>
                       </div>
                       <div class="portfolio-item">
                           <a href="#"><img src="img/p-05.jpg" alt=""></a>
                           <div class="p-footer">
                               <h5 class="title">Treehouse Template</h5>
                               <span>Web Design</span>
                           </div>
                       </div>
                       <div class="portfolio-item">
                           <a href="#"><img src="img/p-06.jpg" alt=""></a>
                           <div class="p-footer">
                               <h5 class="title">Burned Logo</h5>
                               <span>Branding</span>
                           </div>
                       </div>  
                   </div>
                </div>
</div>
        <div class="about box">
                <div class="container">
                    <h2 class="title">About Us</h2>
                    <p class="descr">Proin iaculis purus consequat sem cure.</p>
                    <div class="about-wrap">
                        <div class="about-item clearfix">
                           <div class="about-text left text-right">
                               <h5 class="title"><span>July 2010</span><br>Our Humble Beginnings</h5>
                               <p>Proin iaculis purus consequat sem cure digni ssim. Donec porttitora entum suscipit aenean rhoncus posuere odio in tincidunt. Proin iaculis purus consequat sem cure digni ssim. Donec porttitora entum suscipit.</p>
                           </div>
                           <div class="about-img left">
                               <img src="img/abt-01.png" alt="">
                           </div>
                            
                        </div>
                        <div class="about-item clearfix">
                           <div class="about-text right text-left">
                               <h5 class="title"><span>January 2011</span><br> Facing Startup Battles</h5>
                               <p>Proin iaculis purus consequat sem cure digni ssim. Donec porttitora entum suscipit aenean rhoncus posuere odio in tincidunt. Proin iaculis purus consequat sem cure digni ssim. Donec porttitora entum suscipit aenean rhoncus posuere odio in tincidunt.</p>
                           </div>
                           <div class="about-img right">
                               <img src="img/abt-02.png" alt="">
                           </div>
                            
                        </div>
                        <div class="about-item clearfix">
                           <div class="about-text left text-right">
                               <h5 class="title"><span>December 2012</span><br>Enter The Dark Days</h5>
                               <p>Proin iaculis purus consequat sem cure digni ssim. Donec porttitora entum suscipit aenean rhoncus posuere odio in tincidunt. Proin iaculis purus consequat sem cure digni ssim. Donec porttitora entum suscipit.</p>
                           </div>
                           <div class="about-img left">
                               <img src="img/abt-03.png" alt="">
                           </div>
                            
                        </div>
                        <div class="about-item clearfix">
                           <div class="about-text right text-left">
                               <h5 class="title"><span>February 2014</span><br>Our Triumph</h5>
                               <p>Proin iaculis purus consequat sem cure digni ssim. Donec porttitora entum suscipit aenean rhoncus posuere odio in tincidunt. Proin iaculis purus consequat sem cure digni ssim. Donec porttitora entum suscipit.</p>
                           </div>
                           <div class="about-img right">
                               <img src="img/abt-04.png" alt="">
                           </div>
                            
                        </div>
                        <a href="#" class="about-link">Our<br>Story<br>Continues<br>...</a>
                    </div>
                </div>
        </div>
        <div class="team box">         
            <div class="container">
                <h2 class="title">Our Amazing Team</h2>
                <p class="descr">Proin iaculis purus consequat sem cure.</p>
                <div class="team-wrap clearfix">
                    <div class="team-item">
                        <img src="img/team.png" height="220" width="220" alt="">
                        <h5 class="title">Kimberly Thompson</h5>
                        <p class="cat">Marketer</p>
                        <div class="social">
                            <a href="#" class="ic-tw">&nbsp;</a>
                            <a href="#" class="ic-fb">&nbsp;</a>
                            <a href="#" class="ic-pn">&nbsp;</a>
                        </div>
                    </div>
                     <div class="team-item">
                        <img src="img/team.png" height="220" width="220" alt="">
                        <h5 class="title">Kimberly Thompson</h5>
                        <p class="cat">Marketer</p>
                        <div class="social">
                            <a href="#" class="ic-tw">&nbsp;</a>
                            <a href="#" class="ic-fb">&nbsp;</a>
                            <a href="#" class="ic-gl">&nbsp;</a>
                        </div>
                    </div>
                     <div class="team-item">
                        <img src="img/team.png" height="220" width="220" alt="">
                        <h5 class="title">Kimberly Thompson</h5>
                        <p class="cat">Marketer</p>
                        <div class="social">
                            <a href="#" class="ic-fb">&nbsp;</a>
                            <a href="#" class="ic-pn">&nbsp;</a>
                        </div>
                    </div>
                </div>
                <p class="descr team-info">Proin iaculis purus consequat sem cure digni ssim donec porttitora entum suscipit<br>aenean rhoncus posuere odio in tincidunt proin iaculis.</p>
            </div>
        </div>
        
        <div class="brand">
            <div class="container">
                <a href="#"><img src="img/partner01.png" alt=""></a>
                <a href="#"><img src="img/partner02.png" alt=""></a>
                <a href="#"><img src="img/partner03.png" alt=""></a>
                <a href="#"><img src="img/partner04.png" alt=""></a>
            </div>
        </div>
        
        <div class="contact box" name="contact">         
            <div class="container">
                <h2 class="title">Contact Us</h2>
                <p class="descr">Proin iaculis purus consequat sem cure.</p>
                <form action="#" class="message">
                    <div class="clearfix">
                        <div class="left">
                            <input type="text" placeholder="your name">
                            <input type="text" placeholder="your e-mail">
                            <input type="text" placeholder="subject">
                        </div>
                        <div class="right">
                            <textarea id="" cols="0" rows="0" placeholder="Your message"> </textarea>
                        </div>
                    </div>
                    <input type="submit" value="Send Message" class="btn">
                </form>
            </div>
        </div>
        
        <div class="copyright">
            <div class="container clearfix">
                <p class="left">&copy; Copyright 2014 FreebiesXpress.com</p>
                <div class="social">
                    <a href="#" class="ic-tw black">&nbsp;</a>
                    <a href="#" class="ic-fb black">&nbsp;</a>
                    <a href="#" class="ic-pn black">&nbsp;</a>
                    <a href="#" class="ic-gl black">&nbsp;</a>
                </div>
                
            </div>
        </div>
	</div>
	
	
	<div class="hidden"></div>
	<!-- Mandatory for Responsive Bootstrap Toolkit to operate -->
	<div class="device-xs visible-xs"></div>
	<div class="device-sm visible-sm"></div>
	<div class="device-md visible-md"></div>
	<div class="device-lg visible-lg"></div>
	<!-- end mandatory -->
	<!--[if lt IE 9]>
	<script src="libs/html5shiv/es5-shim.min.js"></script>
	<script src="libs/html5shiv/html5shiv.min.js"></script>
	<script src="libs/html5shiv/html5shiv-printshiv.min.js"></script>
	<script src="libs/respond/respond.min.js"></script>
	<![endif]-->
	<script src="libs/jquery/jquery-1.11.1.min.js"></script>
	<script src="libs/jquery-mousewheel/jquery.mousewheel.min.js"></script>
	<script src="libs/fancybox/jquery.fancybox.pack.js"></script>
	<script src="libs/waypoints/waypoints-1.6.2.min.js"></script>
	<script src="libs/scrollto/jquery.scrollTo.min.js"></script>
	<script src="libs/owl-carousel/owl.carousel.min.js"></script>
	<script src="libs/countdown/jquery.plugin.js"></script>
	<script src="libs/countdown/jquery.countdown.min.js"></script>
	<script src="libs/countdown/jquery.countdown-ru.js"></script>
	<script src="libs/landing-nav/navigation.js"></script>
	<!--<script src="libs/bootstrap-toolkit/bootstrap-toolkit.min.js"></script>-->
	<script src="libs/maskedinput/jquery.maskedinput.min.js"></script>
	<script src="libs/equalheight/jquery.equalheight.js"></script>
	<script src="libs/stellar/jquery.stellar.min.js"></script>
	<script src="js/common.js"></script>
	<!-- Yandex.Metrika counter --><!-- /Yandex.Metrika counter -->
	<!-- Google Analytics counter --><!-- /Google Analytics counter -->
</body>
</html>